[
  {
    "ID": "0690147c-32df-4e9c-bc91-d077aba0158b",
    "Name": "Arctic Glacier Bag of Ice",
    "Price": "$2.29",
    "Category": "peeled shrimp",
    "Domain": "delivery.pccmarkets.com",
    "ImageURL": "https://www.instacart.com/image-server/197x197/filters:fill(FFFFFF",
    "PricePerUnit": "N/A",
    "EntityType": "category",
    "Timestamp": "2025-05-22#delivery.pccmarkets.com#Arctic Glacier Bag of Ice",
    "URL": "https://delivery.pccmarkets.com/store/pcc-community-markets/products/18720333-arctic-glacier-bag-of-ice-7-lb",
    "RawTextContent": "HEADING : Current price : $ 2.29 $ 2 29 Arctic Glacier Bag of Ice 7 lb Many in stock Add",
    "RawHTML": "eNrNVltv4ygU/iuInYcZqY7vsZM2kXa6u7PzMNI+zesIA7ZpbOMCdpL++j3YTnNrV9E+NYptOMDHufEdHpjoEa2I1ivMHT/smN5rvH4A8fqhDI9DRiTxUzCOIKIEcSqS8WqF/1GSddRgpGTFV7hQsmvxcV2uG5kKWEemCVlnjGwwKhXPV7g0ptVL12W8Ej1X+1lLaU3Uhhs9o7J2tZGKuyB0oFd3jTB7Zxp323Fn7fppEnhhGDpEUSOoU1SECq6cjBSOzB1BuZM4VYZHvZnQJKs4W+GcVJqf6Mp5v02yycZXafbUpNvyUuovBJP1lbT2WDcnl2JO/SKzUlEXSCuquTmavt1uZ6LRhlCizGC0qEnBHc0VeMT1F8kOHjcXleFKL+Fbff5r+N0Z1fEvy1yqmpjPT23xxWW+Thdp8lQ1bJOBCyvZsVzJxswablxQxzquFlqLpnCE4bUTZRlPgyyN45hHzKd+MA/mOYvSgGZB5C0SP+QpD700jOdRnOfhPPZ4Pp+TJIiZF9JZ2xR3N9oSLOY7eD60Lcifxbs7dKNF4SLawfOxLQputyde+Dt4PrY94e32JGm6g+dj2xPtMGLEEMdwbQQQ0wANBjFnMAaIqwLCwKfsw0Omc2AUd2Dq6/fhdVzjXbJSPU/6bn8p3Xhe+qwvpUHOSW5AqlvSHMSaKs4bR3HCgG1lU+0x0mY/sLxUIFsir93dw3TRLpHi1HyG/h06e325RyUXRWmWyLeTt4KZcmoD0xeiWSJn6EkIaF7J7RKVgjHe3KOWMAahmLZppRZGSJhPMi2rzvB7vH7slOKNQa2CMrBEn4JZsHhwrRXntoBPRRv6UXGwcagV40YrbFPlxP1tEsUVXn86A/qvBf7zpjcpx+vg5iXTHkdtD5/ryPqyXsjyuhgpFT0/J/jtNReDF7lznMjCfvGi8PWMsZyXEHwIwVRbK97bO0F0anrb5Knpr5SLkk0VULz+fajZ6NtYs9FXUiCZo++Uv6/Sy5PYJBOgEcaqkSBb319nkCaSOyi4Vvw+Tt32nuwuNTNUp6k9ALov3orQ+Ultesguqfa/SsjhX4LK5hft4NZS4zGTV9jn0B5TfOr0gm+/yt0Ke8hDQQR/jCwxrfBj8pg+/oHRrq4aPV4RJo7bhjOpCjfwPM8FxUA9e54QgKQY7QF4Potft0yPG4ZwMYNJvh0d9yjsoR07jmzB6waWe7MhFSzmETm2iyy2d4Lth/8DPL0GDwfo6BT5BrVfYawT3gxqm5uBGX+QZo9EA4Qk6eZdmnQJxBkAgTYs5qF1Ddu3cFxerrI4e6nDxLpuvNae3Yx/Zwz5yHI5ejfJTw+KFwd9fODjsywDmvsOMF+HPf7cAQ/YMwf413dVWrPNlLuTW212Hdxq2+9n329jYbwl/ZAWL3zEo7KSCorBXoOK3xTZa0oq7nn4jcOzfmiJKRGY9AOSKk2RH8784GfglcDLUe/MQfZ34PWO7ZZD9yd8h8FhLOpt28bBtUiHPDhncmVkkT0BtTB2zprTe4zV+7XTLcMzwb9x9kOD",
    "RawHTMLExtracted": "<div class=\"e-13udsys\"><div><h3 class=\"e-ti75j2\"><div aria-label=\"Product\" role=\"group\" class=\"e-fsno8i\"><a role=\"button\" href=\"https://delivery.pccmarkets.com/store/pcc-community-markets/products/18720333-arctic-glacier-bag-of-ice-7-lb\" aria-disabled=\"false\" class=\"e-eevw7b\"><div class=\"e-bjn8wh\"><div class=\"e-19idom\"><div class=\"e-1m0du6a\"><div class=\"e-ec1gba\"><img srcset=\"https://www.instacart.com/image-server/197x197/filters:fill(FFFFFF,true):format(jpg)/d1s8987jlndkbs.cloudfront.net/assets/missing-item-4bbe82b8555e4d1c12626fd482cb2409713e8e30835645ff3650ef66a725d03c.png,https://www.instacart.com/image-server/296x296/filters:fill(FFFFFF,true):format(jpg)/d1s8987jlndkbs.cloudfront.net/assets/missing-item-4bbe82b8555e4d1c12626fd482cb2409713e8e30835645ff3650ef66a725d03c.png 1.5x, https://www.instacart.com/image-server/394x394/filters:fill(FFFFFF,true):format(jpg)/d1s8987jlndkbs.cloudfront.net/assets/missing-item-4bbe82b8555e4d1c12626fd482cb2409713e8e30835645ff3650ef66a725d03c.png 2x, https://www.instacart.com/image-server/591x591/filters:fill(FFFFFF,true):format(jpg)/d1s8987jlndkbs.cloudfront.net/assets/missing-item-4bbe82b8555e4d1c12626fd482cb2409713e8e30835645ff3650ef66a725d03c.png 3x, https://www.instacart.com/image-server/788x788/filters:fill(FFFFFF,true):format(jpg)/d1s8987jlndkbs.cloudfront.net/assets/missing-item-4bbe82b8555e4d1c12626fd482cb2409713e8e30835645ff3650ef66a725d03c.png 4x\" data-testid=\"item-card-image\" alt=\"\" class=\"e-19e3dsf\"></div></div></div></div><div><div class=\"e-0\"><div class=\"e-m67vuy\"><div class=\"e-k008qs\"><div class=\"e-2feaft\"><span class=\"screen-reader-only\" style=\"border: 0px; clip: rect(0px, 0px, 0px, 0px); height: 1px; width: 1px; margin: -1px; overflow: hidden; padding: 0px; position: absolute;\">Current price: $2.29</span><span class=\"e-1ip314g\"><span aria-hidden=\"true\" class=\"e-p745l\">$</span><span aria-hidden=\"true\" class=\"e-1qkvt8e\">2</span><span aria-hidden=\"true\" class=\"e-p745l\">29</span></span></div><div class=\"e-1om9ohm\"><div class=\"e-1rr4qq7\"></div><div class=\"e-1rr4qq7\"></div></div></div><div class=\"e-d3v9zr\"></div></div><div role=\"heading\" aria-level=\"4\" class=\"e-1pnf8tv\"><div class=\"e-147kl2c\">Arctic Glacier Bag of Ice</div></div><div class=\"e-zjik7\"><div title=\"7 lb\" class=\"e-an4oxa\">7 lb</div></div><div class=\"e-mpv0ou\"><div class=\"e-tcs88s\"><svg aria-hidden=\"true\" data-testid=\"inventory_high_icon_custom\" width=\"1em\" height=\"1em\" viewBox=\"0 0 24 24\" fill=\"C7C8CD\" xmlns=\"http://www.w3.org/2000/svg\"><rect x=\"8\" y=\"16.5\" width=\"8\" height=\"3\" rx=\"1.5\" fill=\"green\" fill-opacity=\"0.7\"></rect><rect x=\"5.5\" y=\"10.5\" width=\"13\" height=\"3\" rx=\"1.5\" fill=\"green\" fill-opacity=\"0.8\"></rect><rect x=\"3\" y=\"4.5\" width=\"18\" height=\"3\" rx=\"1.5\" fill=\"green\"></rect></svg></div><div class=\"e-pftdsf\">Many in stock</div></div></div></div></a><section></section><div><div class=\"e-vp4qqz\"><div class=\"e-1bzm377\"><button aria-label=\"Add 1 item Arctic Glacier Bag of Ice\" class=\"e-1052v5y\"><div data-testid=\"addItemButtonExpandingAdd\"><div class=\"e-bjcmdk\"><svg width=\"24\" height=\"24\" viewBox=\"0 0 24 24\" fill=\"#FFFFFF\" xmlns=\"http://www.w3.org/2000/svg\" size=\"24\" color=\"systemGrayscale00\" aria-hidden=\"true\"><path d=\"M10.88 13.12V20h2.24v-6.88H20v-2.24h-6.88V4h-2.24v6.88H4v2.24z\"></path></svg><span class=\"e-rtogbj\">Add</span></div></div></button></div></div></div></div></h3></div></div>",
    "TTL": 1750481534
  },
  {
    "ID": "1a8ad2c9-5213-45fe-96aa-e15896dc7030",
    "Name": "Bass Comb-Large Combination-Wood",
    "Price": "$8.99",
    "Category": "peeled shrimp",
    "Domain": "delivery.pccmarkets.com",
    "ImageURL": "https://www.instacart.com/image-server/197x197/filters:fill(FFFFFF",
    "PricePerUnit": "N/A",
    "EntityType": "category",
    "Timestamp": "2025-05-22#delivery.pccmarkets.com#Bass Comb-Large Combination-Wood",
    "URL": "https://delivery.pccmarkets.com/store/pcc-community-markets/products/371717-bass-large-wood-comb-wide-tooth-fine-tooth-combination-1-ct",
    "RawTextContent": "HEADING : Current price : $ 8.99 $ 8 99 Original Price $ 9.99 Bass Comb-Large Combination-Wood 1 each Add",
    "RawHTML": "eNrNVttu4zYQ/RWCzUMWiO5yJDmxgWbRdgu06D5tHwtKpCTalKiQtCz76zuU7PVt0+YxNiiRMyLnzIWHfKa8R4UgWi8wc4JoQ/VO4+UziJfPdXRSGZ7MVuGkQURx4giSM7HAX5Wkm8JgpKRgC1wpuenwaV6pW5lymEcOH+QbY2SLUa1YucC1MZ2eex5lgvdM7dyuKBqi1sxot5CNp41UzAOhA6Nm03Kzcw56r5ssay9KAvg7OZgEVKpizlZKamfkzpZTAC+lqZ2St8euVfGWGC5bJ3As+tElyjXJBaMLXBKh2ZkbjPXbJD+4/12ar9p0W19Lg4xT2dxIG59uHsm1mBVBlVspbyqkVaGZOUVlu926vNWGFESZMR68IeCeZgqC5QVZMkDzSi4MU3oOb3H/6/h7MGrDPs1LqRpi7ldd9cmjoWjVrKlJku+KlVsIuaGlkq1xW2aOwXRGA3ZF5o2h/If5aVams8JJy5Q5cU6Jk4Xs0YnifDaLQEeT0u3a6uGdoMPscYD2MUCjwJ0ND+id0KMsHqB9EOjh+4HPsmCA9kGAR+8HnqTpAO2DAI8HjCgxxDFMGw4swQ1rHEBOp0WBRQTsXnxOBSyiuoTt7Y2Mevs8Pk5z/GuKaB6TfrO7lq59P33V11KdBFVppboj7VGsC8VY6yhGKFOObMUOI212IxtLBbI58rvhCT7n3RwpVph7GD+gi8enJ1QzXtVmjgL7MRCrqQ99YOSKt3PkjCMJmSuF3M5RzSll7RPqCKW8rQ5mOqm5Zd45IrmWYmPYE15+3ijFWoM6xQs2R3epm2XPnvXi0heIKe+iIK6OPo7EPRlaYFsTZ+Hvkngm8PLuYqH/mhC8rnuTMrxM3z3lYOOE9vi6zWwgm0zWtyeDUvHra4J/POe7ckTy0dL2l+KwBBHoq83b0ffuhL9vs1LM8HUSyb7LJHh1l53l2eve2CGneTTqs73Ct19Ml4saShwQH45zwXp7Q4nPE9y1ZWr6mxTEyVqEBV6+gAB9theHPyw3jN3jReFvuFS8jWy/4uvksK7hxqIJECNFfWadtLEc4LCfFG9ygkcgXJBOMGrL6di7tdl3UBv7G2fyfRMlFst017q4rv1MKQqQJS70f76eh82fhf3syEEXHAg18jus9jKa+mWARNoMgJnby1LR0LWthL6aynCBQ8jNVJ5Tv+ds+yKHBfaRj8IYWZnl/AX+aWJ9jIZGtHq6Ih3Oj23kSlV5oe/7HqwN3Mb3bFqvkEIqIMCdBoi/KbLTBRHM9/EPtjSULTE1Apf+DHw3TVEQuUH4LfTr0A3j3nkE2ZfQ7x07rMfhN3iPylEX97Zv0+HZlWzq+uq68JWRVb7CSwjQJVMcnlPK3j4vvDq6EPwLr8Dpqw==",
    "RawHTMLExtracted": "<div class=\"e-13udsys\"><div><h3 class=\"e-ti75j2\"><div aria-label=\"Product\" role=\"group\" class=\"e-fsno8i\"><a role=\"button\" href=\"https://delivery.pccmarkets.com/store/pcc-community-markets/products/371717-bass-large-wood-comb-wide-tooth-fine-tooth-combination-1-ct\" aria-disabled=\"false\" class=\"e-eevw7b\"><div class=\"e-bjn8wh\"><div class=\"e-19idom\"><div class=\"e-1m0du6a\"><div class=\"e-ec1gba\"><img srcset=\"https://www.instacart.com/image-server/197x197/filters:fill(FFFFFF,true):format(jpg)/d2lnr5mha7bycj.cloudfront.net/product-image/file/large_e089f85c-8f8e-4bda-92e6-34b55389fd7f.png,https://www.instacart.com/image-server/296x296/filters:fill(FFFFFF,true):format(jpg)/d2lnr5mha7bycj.cloudfront.net/product-image/file/large_e089f85c-8f8e-4bda-92e6-34b55389fd7f.png 1.5x, https://www.instacart.com/image-server/394x394/filters:fill(FFFFFF,true):format(jpg)/d2lnr5mha7bycj.cloudfront.net/product-image/file/large_e089f85c-8f8e-4bda-92e6-34b55389fd7f.png 2x, https://www.instacart.com/image-server/591x591/filters:fill(FFFFFF,true):format(jpg)/d2lnr5mha7bycj.cloudfront.net/product-image/file/large_e089f85c-8f8e-4bda-92e6-34b55389fd7f.png 3x, https://www.instacart.com/image-server/788x788/filters:fill(FFFFFF,true):format(jpg)/d2lnr5mha7bycj.cloudfront.net/product-image/file/large_e089f85c-8f8e-4bda-92e6-34b55389fd7f.png 4x\" data-testid=\"item-card-image\" alt=\"\" class=\"e-19e3dsf\"></div></div></div></div><div><div class=\"e-0\"><div class=\"e-m67vuy\"><div class=\"e-k008qs\"><div class=\"e-s71gfs\"><span class=\"screen-reader-only\" style=\"border: 0px; clip: rect(0px, 0px, 0px, 0px); height: 1px; width: 1px; margin: -1px; overflow: hidden; padding: 0px; position: absolute;\">Current price: $8.99</span><span class=\"e-1ip314g\"><span aria-hidden=\"true\" class=\"e-p745l\">$</span><span aria-hidden=\"true\" class=\"e-1qkvt8e\">8</span><span aria-hidden=\"true\" class=\"e-p745l\">99</span></span></div><div class=\"e-1om9ohm\"><div class=\"e-1rr4qq7\"></div><div class=\"e-1rr4qq7\"><span style=\"border: 0px; clip: rect(0px, 0px, 0px, 0px); height: 1px; width: 1px; margin: -1px; overflow: hidden; padding: 0px; position: absolute;\">Original Price</span><p class=\"e-vn9fl5\"><span class=\"e-azp9o7\">$9.99</span></p></div></div></div><div class=\"e-d3v9zr\"></div></div><div role=\"heading\" aria-level=\"4\" class=\"e-1pnf8tv\"><div class=\"e-147kl2c\">Bass Comb-Large Combination-Wood</div></div><div class=\"e-zjik7\"><div title=\"1 each\" class=\"e-an4oxa\">1 each</div></div></div></div></a><section></section><div><div class=\"e-vp4qqz\"><div class=\"e-1bzm377\"><button aria-label=\"Add 1 item Bass Comb-Large Combination-Wood\" class=\"e-1052v5y\"><div data-testid=\"addItemButtonExpandingAdd\"><div class=\"e-bjcmdk\"><svg width=\"24\" height=\"24\" viewBox=\"0 0 24 24\" fill=\"#FFFFFF\" xmlns=\"http://www.w3.org/2000/svg\" size=\"24\" color=\"systemGrayscale00\" aria-hidden=\"true\"><path d=\"M10.88 13.12V20h2.24v-6.88H20v-2.24h-6.88V4h-2.24v6.88H4v2.24z\"></path></svg><span class=\"e-rtogbj\">Add</span></div></div></button></div></div></div></div></h3></div></div>",
    "TTL": 1750481534
  }
]
